======================================================================
Starting DINOv2 Training on Custom Cat-Dog Dataset
======================================================================
Config: /home/magic524/projects/no4/dinov2/dinov2/configs/train/cat_dog_vitb16.yaml
Output: /home/magic524/projects/no4/dinov2/outputs/cat_dog_vitb16_run1
GPU: NVIDIA GeForce RTX 2080 Ti
======================================================================
master_addr is only used for static rdzv_backend and when rdzv_endpoint is not specified.
/home/magic524/projects/no4/dinov2/dinov2/layers/swiglu_ffn.py:43: UserWarning: xFormers is available (SwiGLU)
  warnings.warn("xFormers is available (SwiGLU)")
/home/magic524/projects/no4/dinov2/dinov2/layers/attention.py:28: UserWarning: xFormers is available (Attention)
  warnings.warn("xFormers is available (Attention)")
/home/magic524/projects/no4/dinov2/dinov2/layers/block.py:33: UserWarning: xFormers is available (Block)
  warnings.warn("xFormers is available (Block)")
I20251215 11:03:16 21658 dinov2 config.py:59] git:
  sha: 524278ba8833f81ecc89817eb1aca1051b17dc30, status: has uncommitted changes, branch: try-train

I20251215 11:03:16 21658 dinov2 config.py:60] config_file: /home/magic524/projects/no4/dinov2/dinov2/configs/train/cat_dog_vitb16.yaml
eval: 
eval_only: False
no_resume: False
opts: ['train.output_dir=/home/magic524/projects/no4/dinov2/outputs/cat_dog_vitb16_run1']
output_dir: /home/magic524/projects/no4/dinov2/outputs/cat_dog_vitb16_run1
I20251215 11:03:16 21658 dinov2 config.py:26] sqrt scaling learning rate; base: 0.001, new: 0.000125
I20251215 11:03:16 21658 dinov2 config.py:33] MODEL:
  WEIGHTS: ''
compute_precision:
  grad_scaler: true
  teacher:
    backbone:
      sharding_strategy: NO_SHARD
      mixed_precision:
        param_dtype: fp16
        reduce_dtype: fp16
        buffer_dtype: fp32
    dino_head:
      sharding_strategy: NO_SHARD
      mixed_precision:
        param_dtype: fp16
        reduce_dtype: fp16
        buffer_dtype: fp32
    ibot_head:
      sharding_strategy: NO_SHARD
      mixed_precision:
        param_dtype: fp16
        reduce_dtype: fp16
        buffer_dtype: fp32
  student:
    backbone:
      sharding_strategy: NO_SHARD
      mixed_precision:
        param_dtype: fp16
        reduce_dtype: fp16
        buffer_dtype: fp32
    dino_head:
      sharding_strategy: NO_SHARD
      mixed_precision:
        param_dtype: fp16
        reduce_dtype: fp32
        buffer_dtype: fp32
    ibot_head:
      sharding_strategy: NO_SHARD
      mixed_precision:
        param_dtype: fp16
        reduce_dtype: fp32
        buffer_dtype: fp32
dino:
  loss_weight: 1.0
  head_n_prototypes: 1024
  head_bottleneck_dim: 256
  head_nlayers: 3
  head_hidden_dim: 2048
  koleo_loss_weight: 0.1
ibot:
  loss_weight: 1.0
  mask_sample_probability: 0.5
  mask_ratio_min_max:
  - 0.1
  - 0.5
  separate_head: false
  head_n_prototypes: 1024
  head_bottleneck_dim: 256
  head_nlayers: 3
  head_hidden_dim: 2048
train:
  batch_size_per_gpu: 16
  dataset_path: CustomImageFolder:split=TRAIN:root=/mnt/e/Datasets/DINO_datasets/cat_dog:extra=/mnt/e/Datasets/DINO_datasets/cat_dog
  output_dir: /home/magic524/projects/no4/dinov2/outputs/cat_dog_vitb16_run1
  saveckp_freq: 5
  seed: 42
  num_workers: 4
  OFFICIAL_EPOCH_LENGTH: 500
  cache_dataset: true
  centering: centering
student:
  arch: vit_base
  patch_size: 16
  drop_path_rate: 0.1
  layerscale: 1.0e-05
  drop_path_uniform: true
  pretrained_weights: ''
  ffn_layer: mlp
  block_chunks: 0
  qkv_bias: true
  proj_bias: true
  ffn_bias: true
  num_register_tokens: 0
  interpolate_antialias: false
  interpolate_offset: 0.1
teacher:
  momentum_teacher: 0.996
  final_momentum_teacher: 1.0
  warmup_teacher_temp: 0.04
  teacher_temp: 0.04
  warmup_teacher_temp_epochs: 3
optim:
  epochs: 20
  weight_decay: 0.04
  weight_decay_end: 0.4
  base_lr: 0.001
  lr: 0.000125
  warmup_epochs: 2
  min_lr: 1.0e-06
  clip_grad: 3.0
  freeze_last_layer_epochs: 1
  scaling_rule: sqrt_wrt_1024
  patch_embed_lr_mult: 0.2
  layerwise_decay: 0.9
  adamw_beta1: 0.9
  adamw_beta2: 0.999
crops:
  global_crops_scale:
  - 0.4
  - 1.0
  local_crops_number: 8
  local_crops_scale:
  - 0.05
  - 0.4
  global_crops_size: 224
  local_crops_size: 96
evaluation:
  eval_period_iterations: 2500

I20251215 11:03:16 21658 dinov2 vision_transformer.py:123] using MLP layer as FFN
I20251215 11:03:17 21658 dinov2 vision_transformer.py:123] using MLP layer as FFN
I20251215 11:03:18 21658 dinov2 ssl_meta_arch.py:43] OPTIONS -- architecture : embed_dim: 768
I20251215 11:03:18 21658 dinov2 ssl_meta_arch.py:58] OPTIONS -- DINO
I20251215 11:03:18 21658 dinov2 ssl_meta_arch.py:60] OPTIONS -- DINO -- loss_weight: 1.0
I20251215 11:03:18 21658 dinov2 ssl_meta_arch.py:61] OPTIONS -- DINO -- head_n_prototypes: 1024
I20251215 11:03:18 21658 dinov2 ssl_meta_arch.py:62] OPTIONS -- DINO -- head_bottleneck_dim: 256
I20251215 11:03:18 21658 dinov2 ssl_meta_arch.py:63] OPTIONS -- DINO -- head_hidden_dim: 2048
I20251215 11:03:18 21658 dinov2 ssl_meta_arch.py:75] OPTIONS -- DINO -- applying KOLEO regularization
I20251215 11:03:18 21658 dinov2 ssl_meta_arch.py:85] OPTIONS -- IBOT
I20251215 11:03:18 21658 dinov2 ssl_meta_arch.py:86] OPTIONS -- IBOT -- loss_weight: 1.0
I20251215 11:03:18 21658 dinov2 ssl_meta_arch.py:87] OPTIONS -- IBOT masking -- ibot_mask_ratio_tuple: [0.1, 0.5]
I20251215 11:03:18 21658 dinov2 ssl_meta_arch.py:88] OPTIONS -- IBOT masking -- ibot_mask_sample_probability: 0.5
I20251215 11:03:18 21658 dinov2 ssl_meta_arch.py:111] OPTIONS -- IBOT -- head shared with DINO
I20251215 11:03:18 21658 dinov2 ssl_meta_arch.py:121] Student and Teacher are built: they are both vit_base network.
I20251215 11:03:18 21658 dinov2 ssl_meta_arch.py:391] DISTRIBUTED FSDP -- preparing model for distributed training
I20251215 11:03:18 21658 dinov2 train.py:310] Model:
SSLMetaArch(
  (dino_loss): DINOLoss()
  (koleo_loss): KoLeoLoss(
    (pdist): PairwiseDistance()
  )
  (ibot_patch_loss): iBOTPatchLoss()
  (student): ModuleDict(
    (backbone): FullyShardedDataParallel(
      (_fsdp_wrapped_module): DinoVisionTransformer(
        (patch_embed): PatchEmbed(
          (proj): Conv2d(3, 768, kernel_size=(16, 16), stride=(16, 16))
          (norm): Identity()
        )
        (blocks): ModuleList(
          (0-11): 12 x NestedTensorBlock(
            (norm1): LayerNorm((768,), eps=1e-06, elementwise_affine=True)
            (attn): MemEffAttention(
              (qkv): Linear(in_features=768, out_features=2304, bias=True)
              (proj): Linear(in_features=768, out_features=768, bias=True)
              (proj_drop): Dropout(p=0.0, inplace=False)
            )
            (ls1): LayerScale()
            (drop_path1): DropPath()
            (norm2): LayerNorm((768,), eps=1e-06, elementwise_affine=True)
            (mlp): Mlp(
              (fc1): Linear(in_features=768, out_features=3072, bias=True)
              (act): GELU(approximate='none')
              (fc2): Linear(in_features=3072, out_features=768, bias=True)
              (drop): Dropout(p=0.0, inplace=False)
            )
            (ls2): LayerScale()
            (drop_path2): DropPath()
          )
        )
        (norm): LayerNorm((768,), eps=1e-06, elementwise_affine=True)
        (head): Identity()
      )
    )
    (dino_head): FullyShardedDataParallel(
      (_fsdp_wrapped_module): DINOHead(
        (mlp): Sequential(
          (0): Linear(in_features=768, out_features=2048, bias=True)
          (1): GELU(approximate='none')
          (2): Linear(in_features=2048, out_features=2048, bias=True)
          (3): GELU(approximate='none')
          (4): Linear(in_features=2048, out_features=256, bias=True)
        )
        (last_layer): Linear(in_features=256, out_features=1024, bias=False)
      )
    )
  )
  (teacher): ModuleDict(
    (backbone): FullyShardedDataParallel(
      (_fsdp_wrapped_module): DinoVisionTransformer(
        (patch_embed): PatchEmbed(
          (proj): Conv2d(3, 768, kernel_size=(16, 16), stride=(16, 16))
          (norm): Identity()
        )
        (blocks): ModuleList(
          (0-11): 12 x NestedTensorBlock(
            (norm1): LayerNorm((768,), eps=1e-06, elementwise_affine=True)
            (attn): MemEffAttention(
              (qkv): Linear(in_features=768, out_features=2304, bias=True)
              (proj): Linear(in_features=768, out_features=768, bias=True)
              (proj_drop): Dropout(p=0.0, inplace=False)
            )
            (ls1): LayerScale()
            (drop_path1): Identity()
            (norm2): LayerNorm((768,), eps=1e-06, elementwise_affine=True)
            (mlp): Mlp(
              (fc1): Linear(in_features=768, out_features=3072, bias=True)
              (act): GELU(approximate='none')
              (fc2): Linear(in_features=3072, out_features=768, bias=True)
              (drop): Dropout(p=0.0, inplace=False)
            )
            (ls2): LayerScale()
            (drop_path2): Identity()
          )
        )
        (norm): LayerNorm((768,), eps=1e-06, elementwise_affine=True)
        (head): Identity()
      )
    )
    (dino_head): FullyShardedDataParallel(
      (_fsdp_wrapped_module): DINOHead(
        (mlp): Sequential(
          (0): Linear(in_features=768, out_features=2048, bias=True)
          (1): GELU(approximate='none')
          (2): Linear(in_features=2048, out_features=2048, bias=True)
          (3): GELU(approximate='none')
          (4): Linear(in_features=2048, out_features=256, bias=True)
        )
        (last_layer): Linear(in_features=256, out_features=1024, bias=False)
      )
    )
  )
)
I20251215 11:03:18 21658 dinov2 param_groups.py:54] chunked fsdp
I20251215 11:03:18 21658 dinov2 param_groups.py:87] cls_token: lr_multiplier: 0.2541865828329001, wd_multiplier: 1.0
I20251215 11:03:18 21658 dinov2 param_groups.py:87] pos_embed: lr_multiplier: 0.2541865828329001, wd_multiplier: 1.0
I20251215 11:03:18 21658 dinov2 param_groups.py:87] mask_token: lr_multiplier: 0.2541865828329001, wd_multiplier: 1.0
I20251215 11:03:18 21658 dinov2 param_groups.py:87] patch_embed.proj.weight: lr_multiplier: 0.05083731656658002, wd_multiplier: 1.0
I20251215 11:03:18 21658 dinov2 param_groups.py:87] patch_embed.proj.bias: lr_multiplier: 0.05083731656658002, wd_multiplier: 0.0
I20251215 11:03:18 21658 dinov2 param_groups.py:87] blocks.0.norm1.weight: lr_multiplier: 0.2824295364810001, wd_multiplier: 0.0
I20251215 11:03:18 21658 dinov2 param_groups.py:87] blocks.0.norm1.bias: lr_multiplier: 0.2824295364810001, wd_multiplier: 0.0
I20251215 11:03:18 21658 dinov2 param_groups.py:87] blocks.0.attn.qkv.weight: lr_multiplier: 0.2824295364810001, wd_multiplier: 1.0
I20251215 11:03:18 21658 dinov2 param_groups.py:87] blocks.0.attn.qkv.bias: lr_multiplier: 0.2824295364810001, wd_multiplier: 0.0
I20251215 11:03:18 21658 dinov2 param_groups.py:87] blocks.0.attn.proj.weight: lr_multiplier: 0.2824295364810001, wd_multiplier: 1.0
I20251215 11:03:18 21658 dinov2 param_groups.py:87] blocks.0.attn.proj.bias: lr_multiplier: 0.2824295364810001, wd_multiplier: 0.0
I20251215 11:03:18 21658 dinov2 param_groups.py:87] blocks.0.ls1.gamma: lr_multiplier: 0.2824295364810001, wd_multiplier: 0.0
I20251215 11:03:18 21658 dinov2 param_groups.py:87] blocks.0.norm2.weight: lr_multiplier: 0.2824295364810001, wd_multiplier: 0.0
I20251215 11:03:18 21658 dinov2 param_groups.py:87] blocks.0.norm2.bias: lr_multiplier: 0.2824295364810001, wd_multiplier: 0.0
I20251215 11:03:18 21658 dinov2 param_groups.py:87] blocks.0.mlp.fc1.weight: lr_multiplier: 0.2824295364810001, wd_multiplier: 1.0
I20251215 11:03:18 21658 dinov2 param_groups.py:87] blocks.0.mlp.fc1.bias: lr_multiplier: 0.2824295364810001, wd_multiplier: 0.0
I20251215 11:03:18 21658 dinov2 param_groups.py:87] blocks.0.mlp.fc2.weight: lr_multiplier: 0.2824295364810001, wd_multiplier: 1.0
I20251215 11:03:18 21658 dinov2 param_groups.py:87] blocks.0.mlp.fc2.bias: lr_multiplier: 0.2824295364810001, wd_multiplier: 0.0
I20251215 11:03:18 21658 dinov2 param_groups.py:87] blocks.0.ls2.gamma: lr_multiplier: 0.2824295364810001, wd_multiplier: 0.0
I20251215 11:03:18 21658 dinov2 param_groups.py:87] blocks.1.norm1.weight: lr_multiplier: 0.31381059609000006, wd_multiplier: 0.0
I20251215 11:03:18 21658 dinov2 param_groups.py:87] blocks.1.norm1.bias: lr_multiplier: 0.31381059609000006, wd_multiplier: 0.0
I20251215 11:03:18 21658 dinov2 param_groups.py:87] blocks.1.attn.qkv.weight: lr_multiplier: 0.31381059609000006, wd_multiplier: 1.0
I20251215 11:03:18 21658 dinov2 param_groups.py:87] blocks.1.attn.qkv.bias: lr_multiplier: 0.31381059609000006, wd_multiplier: 0.0
I20251215 11:03:18 21658 dinov2 param_groups.py:87] blocks.1.attn.proj.weight: lr_multiplier: 0.31381059609000006, wd_multiplier: 1.0
I20251215 11:03:18 21658 dinov2 param_groups.py:87] blocks.1.attn.proj.bias: lr_multiplier: 0.31381059609000006, wd_multiplier: 0.0
I20251215 11:03:18 21658 dinov2 param_groups.py:87] blocks.1.ls1.gamma: lr_multiplier: 0.31381059609000006, wd_multiplier: 0.0
I20251215 11:03:18 21658 dinov2 param_groups.py:87] blocks.1.norm2.weight: lr_multiplier: 0.31381059609000006, wd_multiplier: 0.0
I20251215 11:03:18 21658 dinov2 param_groups.py:87] blocks.1.norm2.bias: lr_multiplier: 0.31381059609000006, wd_multiplier: 0.0
I20251215 11:03:18 21658 dinov2 param_groups.py:87] blocks.1.mlp.fc1.weight: lr_multiplier: 0.31381059609000006, wd_multiplier: 1.0
I20251215 11:03:18 21658 dinov2 param_groups.py:87] blocks.1.mlp.fc1.bias: lr_multiplier: 0.31381059609000006, wd_multiplier: 0.0
I20251215 11:03:18 21658 dinov2 param_groups.py:87] blocks.1.mlp.fc2.weight: lr_multiplier: 0.31381059609000006, wd_multiplier: 1.0
I20251215 11:03:18 21658 dinov2 param_groups.py:87] blocks.1.mlp.fc2.bias: lr_multiplier: 0.31381059609000006, wd_multiplier: 0.0
I20251215 11:03:18 21658 dinov2 param_groups.py:87] blocks.1.ls2.gamma: lr_multiplier: 0.31381059609000006, wd_multiplier: 0.0
I20251215 11:03:18 21658 dinov2 param_groups.py:87] blocks.2.norm1.weight: lr_multiplier: 0.3486784401000001, wd_multiplier: 0.0
I20251215 11:03:18 21658 dinov2 param_groups.py:87] blocks.2.norm1.bias: lr_multiplier: 0.3486784401000001, wd_multiplier: 0.0
I20251215 11:03:18 21658 dinov2 param_groups.py:87] blocks.2.attn.qkv.weight: lr_multiplier: 0.3486784401000001, wd_multiplier: 1.0
I20251215 11:03:18 21658 dinov2 param_groups.py:87] blocks.2.attn.qkv.bias: lr_multiplier: 0.3486784401000001, wd_multiplier: 0.0
I20251215 11:03:18 21658 dinov2 param_groups.py:87] blocks.2.attn.proj.weight: lr_multiplier: 0.3486784401000001, wd_multiplier: 1.0
I20251215 11:03:18 21658 dinov2 param_groups.py:87] blocks.2.attn.proj.bias: lr_multiplier: 0.3486784401000001, wd_multiplier: 0.0
I20251215 11:03:18 21658 dinov2 param_groups.py:87] blocks.2.ls1.gamma: lr_multiplier: 0.3486784401000001, wd_multiplier: 0.0
I20251215 11:03:18 21658 dinov2 param_groups.py:87] blocks.2.norm2.weight: lr_multiplier: 0.3486784401000001, wd_multiplier: 0.0
I20251215 11:03:18 21658 dinov2 param_groups.py:87] blocks.2.norm2.bias: lr_multiplier: 0.3486784401000001, wd_multiplier: 0.0
I20251215 11:03:18 21658 dinov2 param_groups.py:87] blocks.2.mlp.fc1.weight: lr_multiplier: 0.3486784401000001, wd_multiplier: 1.0
I20251215 11:03:18 21658 dinov2 param_groups.py:87] blocks.2.mlp.fc1.bias: lr_multiplier: 0.3486784401000001, wd_multiplier: 0.0
I20251215 11:03:18 21658 dinov2 param_groups.py:87] blocks.2.mlp.fc2.weight: lr_multiplier: 0.3486784401000001, wd_multiplier: 1.0
I20251215 11:03:18 21658 dinov2 param_groups.py:87] blocks.2.mlp.fc2.bias: lr_multiplier: 0.3486784401000001, wd_multiplier: 0.0
I20251215 11:03:18 21658 dinov2 param_groups.py:87] blocks.2.ls2.gamma: lr_multiplier: 0.3486784401000001, wd_multiplier: 0.0
I20251215 11:03:18 21658 dinov2 param_groups.py:87] blocks.3.norm1.weight: lr_multiplier: 0.3874204890000001, wd_multiplier: 0.0
I20251215 11:03:18 21658 dinov2 param_groups.py:87] blocks.3.norm1.bias: lr_multiplier: 0.3874204890000001, wd_multiplier: 0.0
I20251215 11:03:18 21658 dinov2 param_groups.py:87] blocks.3.attn.qkv.weight: lr_multiplier: 0.3874204890000001, wd_multiplier: 1.0
I20251215 11:03:18 21658 dinov2 param_groups.py:87] blocks.3.attn.qkv.bias: lr_multiplier: 0.3874204890000001, wd_multiplier: 0.0
I20251215 11:03:18 21658 dinov2 param_groups.py:87] blocks.3.attn.proj.weight: lr_multiplier: 0.3874204890000001, wd_multiplier: 1.0
I20251215 11:03:18 21658 dinov2 param_groups.py:87] blocks.3.attn.proj.bias: lr_multiplier: 0.3874204890000001, wd_multiplier: 0.0
I20251215 11:03:18 21658 dinov2 param_groups.py:87] blocks.3.ls1.gamma: lr_multiplier: 0.3874204890000001, wd_multiplier: 0.0
I20251215 11:03:18 21658 dinov2 param_groups.py:87] blocks.3.norm2.weight: lr_multiplier: 0.3874204890000001, wd_multiplier: 0.0
I20251215 11:03:18 21658 dinov2 param_groups.py:87] blocks.3.norm2.bias: lr_multiplier: 0.3874204890000001, wd_multiplier: 0.0
I20251215 11:03:18 21658 dinov2 param_groups.py:87] blocks.3.mlp.fc1.weight: lr_multiplier: 0.3874204890000001, wd_multiplier: 1.0
I20251215 11:03:18 21658 dinov2 param_groups.py:87] blocks.3.mlp.fc1.bias: lr_multiplier: 0.3874204890000001, wd_multiplier: 0.0
I20251215 11:03:18 21658 dinov2 param_groups.py:87] blocks.3.mlp.fc2.weight: lr_multiplier: 0.3874204890000001, wd_multiplier: 1.0
I20251215 11:03:18 21658 dinov2 param_groups.py:87] blocks.3.mlp.fc2.bias: lr_multiplier: 0.3874204890000001, wd_multiplier: 0.0
I20251215 11:03:18 21658 dinov2 param_groups.py:87] blocks.3.ls2.gamma: lr_multiplier: 0.3874204890000001, wd_multiplier: 0.0
I20251215 11:03:18 21658 dinov2 param_groups.py:87] blocks.4.norm1.weight: lr_multiplier: 0.4304672100000001, wd_multiplier: 0.0
I20251215 11:03:18 21658 dinov2 param_groups.py:87] blocks.4.norm1.bias: lr_multiplier: 0.4304672100000001, wd_multiplier: 0.0
I20251215 11:03:18 21658 dinov2 param_groups.py:87] blocks.4.attn.qkv.weight: lr_multiplier: 0.4304672100000001, wd_multiplier: 1.0
I20251215 11:03:18 21658 dinov2 param_groups.py:87] blocks.4.attn.qkv.bias: lr_multiplier: 0.4304672100000001, wd_multiplier: 0.0
I20251215 11:03:18 21658 dinov2 param_groups.py:87] blocks.4.attn.proj.weight: lr_multiplier: 0.4304672100000001, wd_multiplier: 1.0
I20251215 11:03:18 21658 dinov2 param_groups.py:87] blocks.4.attn.proj.bias: lr_multiplier: 0.4304672100000001, wd_multiplier: 0.0
I20251215 11:03:18 21658 dinov2 param_groups.py:87] blocks.4.ls1.gamma: lr_multiplier: 0.4304672100000001, wd_multiplier: 0.0
I20251215 11:03:18 21658 dinov2 param_groups.py:87] blocks.4.norm2.weight: lr_multiplier: 0.4304672100000001, wd_multiplier: 0.0
I20251215 11:03:18 21658 dinov2 param_groups.py:87] blocks.4.norm2.bias: lr_multiplier: 0.4304672100000001, wd_multiplier: 0.0
I20251215 11:03:18 21658 dinov2 param_groups.py:87] blocks.4.mlp.fc1.weight: lr_multiplier: 0.4304672100000001, wd_multiplier: 1.0
I20251215 11:03:18 21658 dinov2 param_groups.py:87] blocks.4.mlp.fc1.bias: lr_multiplier: 0.4304672100000001, wd_multiplier: 0.0
I20251215 11:03:18 21658 dinov2 param_groups.py:87] blocks.4.mlp.fc2.weight: lr_multiplier: 0.4304672100000001, wd_multiplier: 1.0
I20251215 11:03:18 21658 dinov2 param_groups.py:87] blocks.4.mlp.fc2.bias: lr_multiplier: 0.4304672100000001, wd_multiplier: 0.0
I20251215 11:03:18 21658 dinov2 param_groups.py:87] blocks.4.ls2.gamma: lr_multiplier: 0.4304672100000001, wd_multiplier: 0.0
I20251215 11:03:18 21658 dinov2 param_groups.py:87] blocks.5.norm1.weight: lr_multiplier: 0.4782969000000001, wd_multiplier: 0.0
I20251215 11:03:18 21658 dinov2 param_groups.py:87] blocks.5.norm1.bias: lr_multiplier: 0.4782969000000001, wd_multiplier: 0.0
I20251215 11:03:18 21658 dinov2 param_groups.py:87] blocks.5.attn.qkv.weight: lr_multiplier: 0.4782969000000001, wd_multiplier: 1.0
I20251215 11:03:18 21658 dinov2 param_groups.py:87] blocks.5.attn.qkv.bias: lr_multiplier: 0.4782969000000001, wd_multiplier: 0.0
I20251215 11:03:18 21658 dinov2 param_groups.py:87] blocks.5.attn.proj.weight: lr_multiplier: 0.4782969000000001, wd_multiplier: 1.0
I20251215 11:03:18 21658 dinov2 param_groups.py:87] blocks.5.attn.proj.bias: lr_multiplier: 0.4782969000000001, wd_multiplier: 0.0
I20251215 11:03:18 21658 dinov2 param_groups.py:87] blocks.5.ls1.gamma: lr_multiplier: 0.4782969000000001, wd_multiplier: 0.0
I20251215 11:03:18 21658 dinov2 param_groups.py:87] blocks.5.norm2.weight: lr_multiplier: 0.4782969000000001, wd_multiplier: 0.0
I20251215 11:03:18 21658 dinov2 param_groups.py:87] blocks.5.norm2.bias: lr_multiplier: 0.4782969000000001, wd_multiplier: 0.0
I20251215 11:03:18 21658 dinov2 param_groups.py:87] blocks.5.mlp.fc1.weight: lr_multiplier: 0.4782969000000001, wd_multiplier: 1.0
I20251215 11:03:18 21658 dinov2 param_groups.py:87] blocks.5.mlp.fc1.bias: lr_multiplier: 0.4782969000000001, wd_multiplier: 0.0
I20251215 11:03:18 21658 dinov2 param_groups.py:87] blocks.5.mlp.fc2.weight: lr_multiplier: 0.4782969000000001, wd_multiplier: 1.0
I20251215 11:03:18 21658 dinov2 param_groups.py:87] blocks.5.mlp.fc2.bias: lr_multiplier: 0.4782969000000001, wd_multiplier: 0.0
I20251215 11:03:18 21658 dinov2 param_groups.py:87] blocks.5.ls2.gamma: lr_multiplier: 0.4782969000000001, wd_multiplier: 0.0
I20251215 11:03:18 21658 dinov2 param_groups.py:87] blocks.6.norm1.weight: lr_multiplier: 0.531441, wd_multiplier: 0.0
I20251215 11:03:18 21658 dinov2 param_groups.py:87] blocks.6.norm1.bias: lr_multiplier: 0.531441, wd_multiplier: 0.0
I20251215 11:03:18 21658 dinov2 param_groups.py:87] blocks.6.attn.qkv.weight: lr_multiplier: 0.531441, wd_multiplier: 1.0
I20251215 11:03:18 21658 dinov2 param_groups.py:87] blocks.6.attn.qkv.bias: lr_multiplier: 0.531441, wd_multiplier: 0.0
I20251215 11:03:18 21658 dinov2 param_groups.py:87] blocks.6.attn.proj.weight: lr_multiplier: 0.531441, wd_multiplier: 1.0
I20251215 11:03:18 21658 dinov2 param_groups.py:87] blocks.6.attn.proj.bias: lr_multiplier: 0.531441, wd_multiplier: 0.0
I20251215 11:03:18 21658 dinov2 param_groups.py:87] blocks.6.ls1.gamma: lr_multiplier: 0.531441, wd_multiplier: 0.0
I20251215 11:03:18 21658 dinov2 param_groups.py:87] blocks.6.norm2.weight: lr_multiplier: 0.531441, wd_multiplier: 0.0
I20251215 11:03:18 21658 dinov2 param_groups.py:87] blocks.6.norm2.bias: lr_multiplier: 0.531441, wd_multiplier: 0.0
I20251215 11:03:18 21658 dinov2 param_groups.py:87] blocks.6.mlp.fc1.weight: lr_multiplier: 0.531441, wd_multiplier: 1.0
I20251215 11:03:18 21658 dinov2 param_groups.py:87] blocks.6.mlp.fc1.bias: lr_multiplier: 0.531441, wd_multiplier: 0.0
I20251215 11:03:18 21658 dinov2 param_groups.py:87] blocks.6.mlp.fc2.weight: lr_multiplier: 0.531441, wd_multiplier: 1.0
I20251215 11:03:18 21658 dinov2 param_groups.py:87] blocks.6.mlp.fc2.bias: lr_multiplier: 0.531441, wd_multiplier: 0.0
I20251215 11:03:18 21658 dinov2 param_groups.py:87] blocks.6.ls2.gamma: lr_multiplier: 0.531441, wd_multiplier: 0.0
I20251215 11:03:18 21658 dinov2 param_groups.py:87] blocks.7.norm1.weight: lr_multiplier: 0.5904900000000001, wd_multiplier: 0.0
I20251215 11:03:18 21658 dinov2 param_groups.py:87] blocks.7.norm1.bias: lr_multiplier: 0.5904900000000001, wd_multiplier: 0.0
I20251215 11:03:18 21658 dinov2 param_groups.py:87] blocks.7.attn.qkv.weight: lr_multiplier: 0.5904900000000001, wd_multiplier: 1.0
I20251215 11:03:18 21658 dinov2 param_groups.py:87] blocks.7.attn.qkv.bias: lr_multiplier: 0.5904900000000001, wd_multiplier: 0.0
I20251215 11:03:18 21658 dinov2 param_groups.py:87] blocks.7.attn.proj.weight: lr_multiplier: 0.5904900000000001, wd_multiplier: 1.0
I20251215 11:03:18 21658 dinov2 param_groups.py:87] blocks.7.attn.proj.bias: lr_multiplier: 0.5904900000000001, wd_multiplier: 0.0
I20251215 11:03:18 21658 dinov2 param_groups.py:87] blocks.7.ls1.gamma: lr_multiplier: 0.5904900000000001, wd_multiplier: 0.0
I20251215 11:03:18 21658 dinov2 param_groups.py:87] blocks.7.norm2.weight: lr_multiplier: 0.5904900000000001, wd_multiplier: 0.0
I20251215 11:03:18 21658 dinov2 param_groups.py:87] blocks.7.norm2.bias: lr_multiplier: 0.5904900000000001, wd_multiplier: 0.0
I20251215 11:03:18 21658 dinov2 param_groups.py:87] blocks.7.mlp.fc1.weight: lr_multiplier: 0.5904900000000001, wd_multiplier: 1.0
I20251215 11:03:18 21658 dinov2 param_groups.py:87] blocks.7.mlp.fc1.bias: lr_multiplier: 0.5904900000000001, wd_multiplier: 0.0
I20251215 11:03:18 21658 dinov2 param_groups.py:87] blocks.7.mlp.fc2.weight: lr_multiplier: 0.5904900000000001, wd_multiplier: 1.0
I20251215 11:03:18 21658 dinov2 param_groups.py:87] blocks.7.mlp.fc2.bias: lr_multiplier: 0.5904900000000001, wd_multiplier: 0.0
I20251215 11:03:18 21658 dinov2 param_groups.py:87] blocks.7.ls2.gamma: lr_multiplier: 0.5904900000000001, wd_multiplier: 0.0
I20251215 11:03:18 21658 dinov2 param_groups.py:87] blocks.8.norm1.weight: lr_multiplier: 0.6561, wd_multiplier: 0.0
I20251215 11:03:18 21658 dinov2 param_groups.py:87] blocks.8.norm1.bias: lr_multiplier: 0.6561, wd_multiplier: 0.0
I20251215 11:03:18 21658 dinov2 param_groups.py:87] blocks.8.attn.qkv.weight: lr_multiplier: 0.6561, wd_multiplier: 1.0
I20251215 11:03:18 21658 dinov2 param_groups.py:87] blocks.8.attn.qkv.bias: lr_multiplier: 0.6561, wd_multiplier: 0.0
I20251215 11:03:18 21658 dinov2 param_groups.py:87] blocks.8.attn.proj.weight: lr_multiplier: 0.6561, wd_multiplier: 1.0
I20251215 11:03:18 21658 dinov2 param_groups.py:87] blocks.8.attn.proj.bias: lr_multiplier: 0.6561, wd_multiplier: 0.0
I20251215 11:03:18 21658 dinov2 param_groups.py:87] blocks.8.ls1.gamma: lr_multiplier: 0.6561, wd_multiplier: 0.0
I20251215 11:03:18 21658 dinov2 param_groups.py:87] blocks.8.norm2.weight: lr_multiplier: 0.6561, wd_multiplier: 0.0
I20251215 11:03:18 21658 dinov2 param_groups.py:87] blocks.8.norm2.bias: lr_multiplier: 0.6561, wd_multiplier: 0.0
I20251215 11:03:18 21658 dinov2 param_groups.py:87] blocks.8.mlp.fc1.weight: lr_multiplier: 0.6561, wd_multiplier: 1.0
I20251215 11:03:18 21658 dinov2 param_groups.py:87] blocks.8.mlp.fc1.bias: lr_multiplier: 0.6561, wd_multiplier: 0.0
I20251215 11:03:18 21658 dinov2 param_groups.py:87] blocks.8.mlp.fc2.weight: lr_multiplier: 0.6561, wd_multiplier: 1.0
I20251215 11:03:18 21658 dinov2 param_groups.py:87] blocks.8.mlp.fc2.bias: lr_multiplier: 0.6561, wd_multiplier: 0.0
I20251215 11:03:18 21658 dinov2 param_groups.py:87] blocks.8.ls2.gamma: lr_multiplier: 0.6561, wd_multiplier: 0.0
I20251215 11:03:18 21658 dinov2 param_groups.py:87] blocks.9.norm1.weight: lr_multiplier: 0.7290000000000001, wd_multiplier: 0.0
I20251215 11:03:18 21658 dinov2 param_groups.py:87] blocks.9.norm1.bias: lr_multiplier: 0.7290000000000001, wd_multiplier: 0.0
I20251215 11:03:18 21658 dinov2 param_groups.py:87] blocks.9.attn.qkv.weight: lr_multiplier: 0.7290000000000001, wd_multiplier: 1.0
I20251215 11:03:18 21658 dinov2 param_groups.py:87] blocks.9.attn.qkv.bias: lr_multiplier: 0.7290000000000001, wd_multiplier: 0.0
I20251215 11:03:18 21658 dinov2 param_groups.py:87] blocks.9.attn.proj.weight: lr_multiplier: 0.7290000000000001, wd_multiplier: 1.0
I20251215 11:03:18 21658 dinov2 param_groups.py:87] blocks.9.attn.proj.bias: lr_multiplier: 0.7290000000000001, wd_multiplier: 0.0
I20251215 11:03:18 21658 dinov2 param_groups.py:87] blocks.9.ls1.gamma: lr_multiplier: 0.7290000000000001, wd_multiplier: 0.0
I20251215 11:03:18 21658 dinov2 param_groups.py:87] blocks.9.norm2.weight: lr_multiplier: 0.7290000000000001, wd_multiplier: 0.0
I20251215 11:03:18 21658 dinov2 param_groups.py:87] blocks.9.norm2.bias: lr_multiplier: 0.7290000000000001, wd_multiplier: 0.0
I20251215 11:03:18 21658 dinov2 param_groups.py:87] blocks.9.mlp.fc1.weight: lr_multiplier: 0.7290000000000001, wd_multiplier: 1.0
I20251215 11:03:18 21658 dinov2 param_groups.py:87] blocks.9.mlp.fc1.bias: lr_multiplier: 0.7290000000000001, wd_multiplier: 0.0
I20251215 11:03:18 21658 dinov2 param_groups.py:87] blocks.9.mlp.fc2.weight: lr_multiplier: 0.7290000000000001, wd_multiplier: 1.0
I20251215 11:03:18 21658 dinov2 param_groups.py:87] blocks.9.mlp.fc2.bias: lr_multiplier: 0.7290000000000001, wd_multiplier: 0.0
I20251215 11:03:18 21658 dinov2 param_groups.py:87] blocks.9.ls2.gamma: lr_multiplier: 0.7290000000000001, wd_multiplier: 0.0
I20251215 11:03:18 21658 dinov2 param_groups.py:87] blocks.10.norm1.weight: lr_multiplier: 0.81, wd_multiplier: 0.0
I20251215 11:03:18 21658 dinov2 param_groups.py:87] blocks.10.norm1.bias: lr_multiplier: 0.81, wd_multiplier: 0.0
I20251215 11:03:18 21658 dinov2 param_groups.py:87] blocks.10.attn.qkv.weight: lr_multiplier: 0.81, wd_multiplier: 1.0
I20251215 11:03:18 21658 dinov2 param_groups.py:87] blocks.10.attn.qkv.bias: lr_multiplier: 0.81, wd_multiplier: 0.0
I20251215 11:03:18 21658 dinov2 param_groups.py:87] blocks.10.attn.proj.weight: lr_multiplier: 0.81, wd_multiplier: 1.0
I20251215 11:03:18 21658 dinov2 param_groups.py:87] blocks.10.attn.proj.bias: lr_multiplier: 0.81, wd_multiplier: 0.0
I20251215 11:03:18 21658 dinov2 param_groups.py:87] blocks.10.ls1.gamma: lr_multiplier: 0.81, wd_multiplier: 0.0
I20251215 11:03:18 21658 dinov2 param_groups.py:87] blocks.10.norm2.weight: lr_multiplier: 0.81, wd_multiplier: 0.0
I20251215 11:03:18 21658 dinov2 param_groups.py:87] blocks.10.norm2.bias: lr_multiplier: 0.81, wd_multiplier: 0.0
I20251215 11:03:18 21658 dinov2 param_groups.py:87] blocks.10.mlp.fc1.weight: lr_multiplier: 0.81, wd_multiplier: 1.0
I20251215 11:03:18 21658 dinov2 param_groups.py:87] blocks.10.mlp.fc1.bias: lr_multiplier: 0.81, wd_multiplier: 0.0
I20251215 11:03:18 21658 dinov2 param_groups.py:87] blocks.10.mlp.fc2.weight: lr_multiplier: 0.81, wd_multiplier: 1.0
I20251215 11:03:18 21658 dinov2 param_groups.py:87] blocks.10.mlp.fc2.bias: lr_multiplier: 0.81, wd_multiplier: 0.0
I20251215 11:03:18 21658 dinov2 param_groups.py:87] blocks.10.ls2.gamma: lr_multiplier: 0.81, wd_multiplier: 0.0
I20251215 11:03:18 21658 dinov2 param_groups.py:87] blocks.11.norm1.weight: lr_multiplier: 0.9, wd_multiplier: 0.0
I20251215 11:03:18 21658 dinov2 param_groups.py:87] blocks.11.norm1.bias: lr_multiplier: 0.9, wd_multiplier: 0.0
I20251215 11:03:18 21658 dinov2 param_groups.py:87] blocks.11.attn.qkv.weight: lr_multiplier: 0.9, wd_multiplier: 1.0
I20251215 11:03:18 21658 dinov2 param_groups.py:87] blocks.11.attn.qkv.bias: lr_multiplier: 0.9, wd_multiplier: 0.0
I20251215 11:03:18 21658 dinov2 param_groups.py:87] blocks.11.attn.proj.weight: lr_multiplier: 0.9, wd_multiplier: 1.0
I20251215 11:03:18 21658 dinov2 param_groups.py:87] blocks.11.attn.proj.bias: lr_multiplier: 0.9, wd_multiplier: 0.0
I20251215 11:03:18 21658 dinov2 param_groups.py:87] blocks.11.ls1.gamma: lr_multiplier: 0.9, wd_multiplier: 0.0
I20251215 11:03:18 21658 dinov2 param_groups.py:87] blocks.11.norm2.weight: lr_multiplier: 0.9, wd_multiplier: 0.0
I20251215 11:03:18 21658 dinov2 param_groups.py:87] blocks.11.norm2.bias: lr_multiplier: 0.9, wd_multiplier: 0.0
I20251215 11:03:18 21658 dinov2 param_groups.py:87] blocks.11.mlp.fc1.weight: lr_multiplier: 0.9, wd_multiplier: 1.0
I20251215 11:03:18 21658 dinov2 param_groups.py:87] blocks.11.mlp.fc1.bias: lr_multiplier: 0.9, wd_multiplier: 0.0
I20251215 11:03:18 21658 dinov2 param_groups.py:87] blocks.11.mlp.fc2.weight: lr_multiplier: 0.9, wd_multiplier: 1.0
I20251215 11:03:18 21658 dinov2 param_groups.py:87] blocks.11.mlp.fc2.bias: lr_multiplier: 0.9, wd_multiplier: 0.0
I20251215 11:03:18 21658 dinov2 param_groups.py:87] blocks.11.ls2.gamma: lr_multiplier: 0.9, wd_multiplier: 0.0
I20251215 11:03:18 21658 dinov2 param_groups.py:87] norm.weight: lr_multiplier: 1.0, wd_multiplier: 0.0
I20251215 11:03:18 21658 dinov2 param_groups.py:87] norm.bias: lr_multiplier: 1.0, wd_multiplier: 0.0
I20251215 11:03:18 21658 dinov2 ssl_meta_arch.py:378] fusing param groups
I20251215 11:03:18 21658 dinov2 param_groups.py:64] else code branch
I20251215 11:03:18 21658 dinov2 param_groups.py:87] mlp.0.weight: lr_multiplier: 1.0, wd_multiplier: 1.0
I20251215 11:03:18 21658 dinov2 param_groups.py:87] mlp.0.bias: lr_multiplier: 1.0, wd_multiplier: 0.0
I20251215 11:03:18 21658 dinov2 param_groups.py:87] mlp.2.weight: lr_multiplier: 1.0, wd_multiplier: 1.0
I20251215 11:03:18 21658 dinov2 param_groups.py:87] mlp.2.bias: lr_multiplier: 1.0, wd_multiplier: 0.0
I20251215 11:03:18 21658 dinov2 param_groups.py:87] mlp.4.weight: lr_multiplier: 1.0, wd_multiplier: 1.0
I20251215 11:03:18 21658 dinov2 param_groups.py:87] mlp.4.bias: lr_multiplier: 1.0, wd_multiplier: 0.0
I20251215 11:03:18 21658 dinov2 param_groups.py:87] last_layer.weight_g: lr_multiplier: 1.0, wd_multiplier: 1.0
I20251215 11:03:18 21658 dinov2 param_groups.py:87] last_layer.weight_v: lr_multiplier: 1.0, wd_multiplier: 1.0
I20251215 11:03:18 21658 dinov2 ssl_meta_arch.py:378] fusing param groups
I20251215 11:03:18 21658 dinov2 train.py:102] Schedulers ready.
I20251215 11:03:18 21658 fvcore.common.checkpoint checkpoint.py:148] No checkpoint found. Initializing model from scratch
I20251215 11:03:18 21658 dinov2 augmentations.py:34] ###################################
I20251215 11:03:18 21658 dinov2 augmentations.py:35] Using data augmentation parameters:
I20251215 11:03:18 21658 dinov2 augmentations.py:36] global_crops_scale: [0.4, 1.0]
I20251215 11:03:18 21658 dinov2 augmentations.py:37] local_crops_scale: [0.05, 0.4]
I20251215 11:03:18 21658 dinov2 augmentations.py:38] local_crops_number: 8
I20251215 11:03:18 21658 dinov2 augmentations.py:39] global_crops_size: 224
I20251215 11:03:18 21658 dinov2 augmentations.py:40] local_crops_size: 96
I20251215 11:03:18 21658 dinov2 augmentations.py:41] ###################################
I20251215 11:03:18 21658 dinov2 loaders.py:88] using dataset: "CustomImageFolder:split=TRAIN:root=/mnt/e/Datasets/DINO_datasets/cat_dog:extra=/mnt/e/Datasets/DINO_datasets/cat_dog"
I20251215 11:03:18 21658 dinov2 loaders.py:93] # of dataset samples: 8,000
I20251215 11:03:18 21658 dinov2 loaders.py:126] sampler: sharded infinite
I20251215 11:03:18 21658 dinov2 loaders.py:210] using PyTorch data loader
I20251215 11:03:18 21658 dinov2 loaders.py:225] infinite data loader
I20251215 11:03:18 21658 dinov2 train.py:219] Starting training from iteration 0
W20251215 11:03:20 21658 py.warnings warnings.py:109] /home/magic524/miniconda3/envs/dinov2/lib/python3.9/site-packages/xformers/ops/fmha/flash.py:338: UserWarning: TypedStorage is deprecated. It will be removed in the future and UntypedStorage will be the only storage class. This should only matter to you if you are using storages directly.  To access UntypedStorage directly, use tensor.untyped_storage() instead of tensor.storage()
  and inp.query.storage().data_ptr() == inp.key.storage().data_ptr()

W20251215 11:03:20 21658 py.warnings warnings.py:109] /home/magic524/miniconda3/envs/dinov2/lib/python3.9/site-packages/xformers/ops/fmha/flash.py:339: UserWarning: TypedStorage is deprecated. It will be removed in the future and UntypedStorage will be the only storage class. This should only matter to you if you are using storages directly.  To access UntypedStorage directly, use tensor.untyped_storage() instead of tensor.storage()
  and inp.query.storage().data_ptr() == inp.value.storage().data_ptr()

W20251215 11:03:20 21658 py.warnings warnings.py:109] /home/magic524/miniconda3/envs/dinov2/lib/python3.9/site-packages/xformers/ops/unbind.py:46: UserWarning: TypedStorage is deprecated. It will be removed in the future and UntypedStorage will be the only storage class. This should only matter to you if you are using storages directly.  To access UntypedStorage directly, use tensor.untyped_storage() instead of tensor.storage()
  storage_data_ptr = tensors[0].storage().data_ptr()

W20251215 11:03:20 21658 py.warnings warnings.py:109] /home/magic524/miniconda3/envs/dinov2/lib/python3.9/site-packages/xformers/ops/unbind.py:48: UserWarning: TypedStorage is deprecated. It will be removed in the future and UntypedStorage will be the only storage class. This should only matter to you if you are using storages directly.  To access UntypedStorage directly, use tensor.untyped_storage() instead of tensor.storage()
  if x.storage().data_ptr() != storage_data_ptr:

I20251215 11:03:20 21658 dinov2 helpers.py:102] Training  [    0/10000]  eta: 5:44:44  lr: 0.0000 (0.0000)  wd: 0.0400 (0.0400)  mom: 0.9960 (0.9960)  last_layer_lr: 0.0000 (0.0000)  current_batch_size: 16.0000 (16.0000)  total_loss: 8.6924 (8.6924)  dino_local_crops_loss: 5.4827 (5.4827)  dino_global_crops_loss: 0.6853 (0.6853)  koleo_loss: 0.7891 (0.7891)  ibot_loss: 1.7353 (1.7353)  time: 2.068455  data: 0.587631  max mem: 4217
I20251215 11:03:22 21658 dinov2 helpers.py:102] Training  [   10/10000]  eta: 1:03:22  lr: 0.0000 (0.0000)  wd: 0.0400 (0.0400)  mom: 0.9960 (0.9960)  last_layer_lr: 0.0000 (0.0000)  current_batch_size: 16.0000 (16.0000)  total_loss: 9.0762 (9.0434)  dino_local_crops_loss: 5.8186 (5.7933)  dino_global_crops_loss: 0.7273 (0.7242)  koleo_loss: 0.7764 (0.7755)  ibot_loss: 1.7529 (1.7504)  time: 0.380638  data: 0.053569  max mem: 4937
I20251215 11:03:24 21658 dinov2 helpers.py:102] Training  [   20/10000]  eta: 0:50:32  lr: 0.0000 (0.0000)  wd: 0.0400 (0.0400)  mom: 0.9960 (0.9960)  last_layer_lr: 0.0000 (0.0000)  current_batch_size: 16.0000 (16.0000)  total_loss: 9.3068 (9.2206)  dino_local_crops_loss: 6.0288 (5.9651)  dino_global_crops_loss: 0.7536 (0.7456)  koleo_loss: 0.7627 (0.7528)  ibot_loss: 1.7597 (1.7570)  time: 0.215584  data: 0.000151  max mem: 4937
I20251215 11:03:26 21658 dinov2 helpers.py:102] Training  [   30/10000]  eta: 0:46:02  lr: 0.0000 (0.0000)  wd: 0.0400 (0.0400)  mom: 0.9960 (0.9960)  last_layer_lr: 0.0000 (0.0000)  current_batch_size: 16.0000 (16.0000)  total_loss: 9.4536 (9.3018)  dino_local_crops_loss: 6.2214 (6.0570)  dino_global_crops_loss: 0.7777 (0.7571)  koleo_loss: 0.7075 (0.7274)  ibot_loss: 1.7659 (1.7602)  time: 0.220162  data: 0.000142  max mem: 4937
I20251215 11:03:29 21658 dinov2 helpers.py:102] Training  [   40/10000]  eta: 0:43:43  lr: 0.0000 (0.0000)  wd: 0.0400 (0.0400)  mom: 0.9960 (0.9960)  last_layer_lr: 0.0000 (0.0000)  current_batch_size: 16.0000 (16.0000)  total_loss: 9.4376 (9.3278)  dino_local_crops_loss: 6.2548 (6.1055)  dino_global_crops_loss: 0.7818 (0.7632)  koleo_loss: 0.6265 (0.6974)  ibot_loss: 1.7662 (1.7617)  time: 0.220990  data: 0.000142  max mem: 4937
I20251215 11:03:31 21658 dinov2 helpers.py:102] Training  [   50/10000]  eta: 0:42:18  lr: 0.0000 (0.0000)  wd: 0.0400 (0.0400)  mom: 0.9960 (0.9960)  last_layer_lr: 0.0000 (0.0000)  current_batch_size: 16.0000 (16.0000)  total_loss: 9.3740 (9.3278)  dino_local_crops_loss: 6.2480 (6.1321)  dino_global_crops_loss: 0.7810 (0.7665)  koleo_loss: 0.5786 (0.6670)  ibot_loss: 1.7655 (1.7622)  time: 0.221154  data: 0.000152  max mem: 4937
I20251215 11:03:33 21658 dinov2 helpers.py:102] Training  [   60/10000]  eta: 0:41:23  lr: 0.0000 (0.0000)  wd: 0.0400 (0.0400)  mom: 0.9960 (0.9960)  last_layer_lr: 0.0000 (0.0000)  current_batch_size: 16.0000 (16.0000)  total_loss: 9.2914 (9.3173)  dino_local_crops_loss: 6.2325 (6.1476)  dino_global_crops_loss: 0.7791 (0.7684)  koleo_loss: 0.5181 (0.6394)  ibot_loss: 1.7627 (1.7618)  time: 0.221945  data: 0.000159  max mem: 4937
WARNING:torch.distributed.elastic.agent.server.api:Received 1 death signal, shutting down workers
WARNING:torch.distributed.elastic.multiprocessing.api:Sending process 21658 closing signal SIGHUP
Traceback (most recent call last):
  File "/home/magic524/miniconda3/envs/dinov2/bin/torchrun", line 7, in <module>
    sys.exit(main())
  File "/home/magic524/miniconda3/envs/dinov2/lib/python3.9/site-packages/torch/distributed/elastic/multiprocessing/errors/__init__.py", line 346, in wrapper
    return f(*args, **kwargs)
  File "/home/magic524/miniconda3/envs/dinov2/lib/python3.9/site-packages/torch/distributed/run.py", line 794, in main
    run(args)
  File "/home/magic524/miniconda3/envs/dinov2/lib/python3.9/site-packages/torch/distributed/run.py", line 785, in run
    elastic_launch(
  File "/home/magic524/miniconda3/envs/dinov2/lib/python3.9/site-packages/torch/distributed/launcher/api.py", line 134, in __call__
    return launch_agent(self._config, self._entrypoint, list(args))
  File "/home/magic524/miniconda3/envs/dinov2/lib/python3.9/site-packages/torch/distributed/launcher/api.py", line 241, in launch_agent
    result = agent.run()
  File "/home/magic524/miniconda3/envs/dinov2/lib/python3.9/site-packages/torch/distributed/elastic/metrics/api.py", line 129, in wrapper
    result = f(*args, **kwargs)
  File "/home/magic524/miniconda3/envs/dinov2/lib/python3.9/site-packages/torch/distributed/elastic/agent/server/api.py", line 723, in run
    result = self._invoke_run(role)
  File "/home/magic524/miniconda3/envs/dinov2/lib/python3.9/site-packages/torch/distributed/elastic/agent/server/api.py", line 864, in _invoke_run
    time.sleep(monitor_interval)
  File "/home/magic524/miniconda3/envs/dinov2/lib/python3.9/site-packages/torch/distributed/elastic/multiprocessing/api.py", line 62, in _terminate_process_handler
    raise SignalException(f"Process {os.getpid()} got signal: {sigval}", sigval=sigval)
torch.distributed.elastic.multiprocessing.api.SignalException: Process 21589 got signal: 1
